// Jest Snapshot v1, https://goo.gl/fbAQLP

exports[`<App /> should render correctly 1`] = `
<main
  class="wrapper"
>
  <section
    class="pockets pocketsWrapper"
  >
    <h1
      class="title"
    >
      Pockets
    </h1>
    <div
      class="selectWrapper pocketSelect"
    >
      <label
        class="selectLabel"
        for="pocket"
      >
        Pocket
      </label>
      <div
        class="selectIconWrapper"
      >
        <select
          class="select"
          id="pocket"
        />
        <svg
          aria-hidden="true"
          class="selectIcon"
          height="24"
          viewBox="0 0 24 24"
          width="24"
          xmlns="http://www.w3.org/2000/svg"
        >
          <path
            d="M0 0h24v24H0z"
            fill="none"
          />
          <path
            d="M12 15l-4.243-4.243 1.415-1.414L12 12.172l2.828-2.829 1.415 1.414z"
          />
        </svg>
      </div>
    </div>
    <div>
      <p
        class="pocketBallance"
      >
        -
      </p>
      <p
        class="pocketBallanceDescription"
      >
        Total Ballance
      </p>
    </div>
  </section>
  <form
    class="wrapper exchangeMoneyWrapper"
  >
    <div
      class="panelsWrapper"
    >
      <div
        class="panel"
      >
        <div
          class="selectWrapper select"
        >
          <label
            class="selectLabel"
            for="converter-panel-You spend"
          >
            Currency
          </label>
          <div
            class="selectIconWrapper"
          >
            <select
              class="select"
              id="converter-panel-You spend"
            />
            <svg
              aria-hidden="true"
              class="selectIcon"
              height="24"
              viewBox="0 0 24 24"
              width="24"
              xmlns="http://www.w3.org/2000/svg"
            >
              <path
                d="M0 0h24v24H0z"
                fill="none"
              />
              <path
                d="M12 15l-4.243-4.243 1.415-1.414L12 12.172l2.828-2.829 1.415 1.414z"
              />
            </svg>
          </div>
        </div>
        <div
          class="inputWrapper"
        >
          <label
            class="label"
            for="converter-panel-input-You spend"
          >
            You spend
          </label>
          <input
            class="input"
            id="converter-panel-input-You spend"
            type="number"
            value=""
          />
        </div>
      </div>
      <button
        aria-label="Swap currencies"
        class="swapButton"
        type="button"
      >
        <svg
          aria-hidden="true"
          fill="currentColor"
          height="24"
          viewBox="0 0 24 24"
          width="24"
          xmlns="http://www.w3.org/2000/svg"
        >
          <path
            d="M0 0h24v24H0z"
            fill="none"
          />
          <path
            d="M12 22C6.477 22 2 17.523 2 12S6.477 2 12 2s10 4.477 10 10-4.477 10-10 10zm0-2a8 8 0 1 0 0-16 8 8 0 0 0 0 16zm-5-7h9v2h-4v3l-5-5zm5-4V6l5 5H8V9h4z"
          />
        </svg>
      </button>
      <div
        class="panel"
      >
        <div
          class="selectWrapper select"
        >
          <label
            class="selectLabel"
            for="converter-panel-You get"
          >
            Currency
          </label>
          <div
            class="selectIconWrapper"
          >
            <select
              class="select"
              id="converter-panel-You get"
            />
            <svg
              aria-hidden="true"
              class="selectIcon"
              height="24"
              viewBox="0 0 24 24"
              width="24"
              xmlns="http://www.w3.org/2000/svg"
            >
              <path
                d="M0 0h24v24H0z"
                fill="none"
              />
              <path
                d="M12 15l-4.243-4.243 1.415-1.414L12 12.172l2.828-2.829 1.415 1.414z"
              />
            </svg>
          </div>
        </div>
        <div
          class="inputWrapper"
        >
          <label
            class="label"
            for="converter-panel-input-You get"
          >
            You get
          </label>
          <input
            class="input"
            id="converter-panel-input-You get"
            type="number"
            value=""
          />
        </div>
      </div>
    </div>
    <div
      class="marketRateWrapper"
    >
      <p
        class="marketRateDescription"
      >
        Market Rate
      </p>
      <p
        class="marketRateValue"
      >
        -
      </p>
    </div>
    <button
      class="converterButton"
      disabled=""
    >
      Converter Now
    </button>
  </form>
</main>
`;
